
> ecosort-ai@1.0.0 dev
> vite --host --port 5173


  [32m[1mVITE[22m v5.4.21[39m  [2mready in [0m[1m1309[22m[2m[0m ms[22m

  [32m➜[39m  [1mLocal[22m:   [36mhttp://localhost:[1m5173[22m/[39m
  [32m➜[39m  [1mNetwork[22m: [36mhttp://192.168.1.3:[1m5173[22m/[39m
[2m11:28:55 pm[22m [36m[1m[vite][22m[39m [32m.env changed, restarting server...[39m
[2m11:28:55 pm[22m [36m[1m[vite][22m[39m server restarted.
[2m11:31:31 pm[22m [36m[1m[vite][22m[39m [32mpage reload [39m[2mpackage.json[22m
[2m11:32:00 pm[22m [36m[1m[vite][22m[39m [32mpage reload [39m[2mpackage.json[22m
[2m11:33:00 pm[22m [36m[1m[vite][22m[39m [32mpage reload [39m[2mpackage.json[22m
[2m11:33:26 pm[22m [36m[1m[vite][22m[39m [32mpage reload [39m[2mapi/_db.js[22m
[2m11:35:24 pm[22m [36m[1m[vite][22m[39m [32mpage reload [39m[2mapi/_db.js[22m
[2m11:36:27 pm[22m [36m[1m[vite][22m[39m [32mpage reload [39m[2mapi/_db.js[22m
[2m11:38:02 pm[22m [36m[1m[vite][22m[39m [32mhmr update [39m[2m/src/index.css, /@fs/E:\projects\ecosort\src\components\Navbar.jsx, /@fs/E:\projects\ecosort\src\pages\Scanner.jsx[22m
[2m11:38:49 pm[22m [36m[1m[vite][22m[39m [32mhmr update [39m[2m/src/App.jsx, /src/index.css[22m
[2m11:39:12 pm[22m [36m[1m[vite][22m[39m [32mhmr update [39m[2m/@fs/E:\projects\ecosort\src\pages\Scanner.jsx, /src/index.css[22m
[2m11:39:30 pm[22m [36m[1m[vite][22m[39m [32mhmr update [39m[2m/@fs/E:\projects\ecosort\src\pages\Scanner.jsx, /src/index.css[22m
[2m11:39:45 pm[22m [36m[1m[vite][22m[39m [32mhmr update [39m[2m/@fs/E:\projects\ecosort\src\pages\Scanner.jsx, /src/index.css[22m
[2m11:40:03 pm[22m [36m[1m[vite][22m[39m [32mhmr update [39m[2m/@fs/E:\projects\ecosort\src\pages\Scanner.jsx, /src/index.css[22m
[2m11:40:15 pm[22m [36m[1m[vite][22m[39m [32mhmr update [39m[2m/@fs/E:\projects\ecosort\src\pages\Scanner.jsx, /src/index.css[22m
[2m11:40:28 pm[22m [36m[1m[vite][22m[39m [32mhmr update [39m[2m/@fs/E:\projects\ecosort\src\pages\Scanner.jsx, /src/index.css[22m
[2m11:40:28 pm[22m [36m[1m[vite][22m[39m [32mhmr update [39m[2m/@fs/E:\projects\ecosort\src\pages\Scanner.jsx, /src/index.css[22m
[2m11:40:49 pm[22m [36m[1m[vite][22m[39m [32mhmr update [39m[2m/@fs/E:\projects\ecosort\src\pages\Scanner.jsx, /src/index.css[22m
[2m11:40:50 pm[22m [36m[1m[vite][22m[39m [32mhmr update [39m[2m/@fs/E:\projects\ecosort\src\pages\Scanner.jsx, /src/index.css[22m
[2m11:41:05 pm[22m [36m[1m[vite][22m[39m [32mhmr update [39m[2m/@fs/E:\projects\ecosort\src\pages\Scanner.jsx, /src/index.css[22m
[2m11:41:05 pm[22m [36m[1m[vite][22m[39m [32mhmr update [39m[2m/@fs/E:\projects\ecosort\src\pages\Scanner.jsx, /src/index.css[22m
[2m11:41:19 pm[22m [36m[1m[vite][22m[39m [32mhmr update [39m[2m/src/index.css, /src/App.jsx[22m
[2m11:41:37 pm[22m [36m[1m[vite][22m[39m [32mhmr update [39m[2m/src/index.css, /src/App.jsx[22m
[2m11:41:37 pm[22m [36m[1m[vite][22m[39m [32mhmr update [39m[2m/src/index.css, /src/App.jsx[22m
[2m11:42:02 pm[22m [36m[1m[vite][22m[39m [32mhmr update [39m[2m/src/index.css, /src/App.jsx[22m
[2m11:42:03 pm[22m [36m[1m[vite][22m[39m [32mhmr update [39m[2m/src/index.css, /src/App.jsx[22m
[2m11:42:21 pm[22m [36m[1m[vite][22m[39m [32mhmr update [39m[2m/src/index.css, /src/App.jsx[22m
[2m11:42:43 pm[22m [36m[1m[vite][22m[39m [32mhmr update [39m[2m/src/index.css, /src/App.jsx[22m
[2m11:42:43 pm[22m [36m[1m[vite][22m[39m [32mhmr update [39m[2m/src/index.css, /src/App.jsx[22m
[2m11:43:03 pm[22m [36m[1m[vite][22m[39m [32mhmr update [39m[2m/src/index.css, /src/App.jsx[22m
[2m11:43:22 pm[22m [36m[1m[vite][22m[39m [32mhmr update [39m[2m/src/index.css, /src/App.jsx[22m
[2m11:43:23 pm[22m [36m[1m[vite][22m[39m [32mhmr update [39m[2m/src/index.css, /src/App.jsx[22m
[2m11:43:35 pm[22m [36m[1m[vite][22m[39m [32mhmr update [39m[2m/src/index.css, /src/App.jsx[22m
[2m11:44:47 pm[22m [36m[1m[vite][22m[39m [32mpage reload [39m[2msrc/data/gamification.js[22m
[2m11:45:18 pm[22m [36m[1m[vite][22m[39m [32mpage reload [39m[2mapi/challenges.js[22m
[2m11:45:29 pm[22m [36m[1m[vite][22m[39m [32mpage reload [39m[2mapi/challenges.js[22m
[2m11:45:48 pm[22m [36m[1m[vite][22m[39m [32mhmr update [39m[2m/src/index.css, /src/App.jsx[22m
[2m11:45:49 pm[22m [36m[1m[vite][22m[39m [32mhmr update [39m[2m/src/index.css, /src/App.jsx[22m
[2m11:46:12 pm[22m [36m[1m[vite][22m[39m [32mhmr update [39m[2m/src/index.css, /src/App.jsx[22m
[2m5:49:53 pm[22m [36m[1m[vite][22m[39m [32mhmr update [39m[2m/src/App.jsx, /src/index.css[22m
